// Vitest Snapshot v1, https://vitest.dev/guide/snapshot.html

exports[`baseView1.vue renders the welcome message 1`] = `
<section class="front-screen">
  <div class="box">
    <div class="box__grip"></div>
    <div class="box__content">
      <div class="box__content__inner">
        <h1 class="title">
          Welcome to the App!
        </h1>
        <p class="subtitle">
          Some description about the app.
        </p>
      </div>
    </div>
  </div>
</section>
`;
